
The file will have its original line endings in your working directory.[0K
warning: LF will be replaced by CRLF in 20201/Nal/Pre/libraryjs/leaflet-binding-1.1.0/plugins/leaflet-lo[0Kc
ationfilter/locationfilter.css.[0K
The file will have its original line endings in your working directory.[0K
warning: LF will be replaced by CRLF in 20201/Nal/Pre/libraryjs/leaflet-binding-1.1.0/plugins/leaflet-lo[0Kc
ationfilter/locationfilter.js.[0K
The file will have its original line endings in your working directory.[0K
warning: LF will be replaced by CRLF in 20201/Nal/Pre/libraryjs/leaflet-binding-1.1.0/plugins/leaflet-pr[0Ko
viders-plugin/leaflet-providers-plugin.js.[0K
The file will have its original line endings in your working directory.[0K
warning: LF will be replaced by CRLF in 20201/Nal/Pre/libraryjs/leaflet-easybutton-1.3.1/EasyButton-bind[0Ki
ng.js.[0K
The file will have its original line endings in your working directory.[0K
warning: LF will be replaced by CRLF in 20201/Nal/Pre/libraryjs/leaflet-easybutton-1.3.1/LICENSE.[0K
The file will have its original line endings in your working directory.[0K
warning: LF will be replaced by CRLF in 20201/Nal/Pre/libraryjs/leaflet-easybutton-1.3.1/easy-button.css[0K.
[0K
The file will have its original line endings in your working directory.[0K
warning: LF will be replaced by CRLF in 20201/Nal/Pre/libraryjs/leaflet-easybutton-1.3.1/easy-button.js.[0K
The file will have its original line endings in your working directory.[0K
warning: LF will be replaced by CRLF in 20201/Nal/Pre/libraryjs/leaflet-label-0.2.2/leaflet.label-src.js[0K.
[0K
The file will have its original line endings in your working directory.[0K
warning: LF will be replaced by CRLF in 20201/Nal/Pre/libraryjs/leaflet-label-0.2.2/leaflet.label.css.[0K
The file will have its original line endings in your working directory.[0K
warning: LF will be replaced by CRLF in 20201/Nal/Pre/libraryjs/leaflet-label-0.2.2/leaflet.label.js.[0K
The file will have its original line endings in your working directory.[0K
warning: LF will be replaced by CRLF in 20201/Nal/Pre/libraryjs/leaflet-minimap-3.3.1/Control.MiniMap.cs[0Ks
.[0K
The file will have its original line endings in your working directory.[0K
warning: LF will be replaced by CRLF in 20201/Nal/Pre/libraryjs/leaflet-minimap-3.3.1/Control.MiniMap.js[0K.
[0K
The file will have its original line endings in your working directory.[0K
warning: LF will be replaced by CRLF in 20201/Nal/Pre/libraryjs/leaflet-minimap-3.3.1/Minimap-binding.js[0K.
[0K
The file will have its original line endings in your working directory.[0K
warning: LF will be replaced by CRLF in 20201/Nal/Pre/libraryjs/leaflet-providers-1.0.27/CONTRIBUTING.md[0K.
[0K
The file will have its original line endings in your working directory.[0K
warning: LF will be replaced by CRLF in 20201/Nal/Pre/libraryjs/leaflet-providers-1.0.27/README.md.[0K
The file will have its original line endings in your working directory.[0K
warning: LF will be replaced by CRLF in 20201/Nal/Pre/libraryjs/leaflet-providers-1.0.27/bower.json.[0K
The file will have its original line endings in your working directory.[0K
warning: LF will be replaced by CRLF in 20201/Nal/Pre/libraryjs/leaflet-providers-1.0.27/leaflet-provide[0Kr
s.js.[0K
The file will have its original line endings in your working directory.[0K
warning: LF will be replaced by CRLF in 20201/Nal/Pre/libraryjs/leaflet-providers-1.0.27/license.md.[0K
The file will have its original line endings in your working directory.[0K
warning: LF will be replaced by CRLF in 20201/Nal/Pre/libraryjs/leaflet-providers-1.0.27/package.json.[0K
The file will have its original line endings in your working directory.[0K
warning: LF will be replaced by CRLF in 20201/Nal/Pre/libraryjs/leaflet-providers-1.0.27/providers.json.[0K
The file will have its original line endings in your working directory.[0K
warning: LF will be replaced by CRLF in 20201/Nal/Pre/libraryjs/leaflet-providers-plugin-1.1.0/leaflet-p[0Kr
oviders-plugin.js.[0K
The file will have its original line endings in your working directory.[0K
warning: LF will be replaced by CRLF in 20201/Nal/Pre/libraryjs/leafletfix-1.0.0/leafletfix.css.[0K
The file will have its original line endings in your working directory.[0K
warning: LF will be replaced by CRLF in 20201/Nal/Pre/libraryjs/nouislider-7.0.10/jquery.nouislider.min.[0Kc
ss.[0K
The file will have its original line endings in your working directory.[0K
[0K[?25hwarning: LF will be replaced by CRLF in 20201/Nal/Pre/libraryjs/nouislider-7.0.10/jquery.nouislider.min.[0Kj[?25l
s.[0K
The file will have its original line endings in your working directory.[0K
warning: LF will be replaced by CRLF in 20201/Nal/Pre/libraryjs/pdfmake-1.10.16/pdfmake.min.js.[0K
The file will have its original line endings in your working directory.[0K
warning: LF will be replaced by CRLF in 20201/Nal/Pre/libraryjs/proj4js-2.3.15/proj4.js.[0K
The file will have its original line endings in your working directory.[0K
warning: LF will be replaced by CRLF in 20201/Nal/Pre/libraryjs/selectize-0.12.0/selectize.bootstrap3.cs[0Ks
.[0K
The file will have its original line endings in your working directory.[0K
warning: LF will be replaced by CRLF in 20201/Nal/Pre/libraryjs/selectize-0.12.0/selectize.min.js.[0K
The file will have its original line endings in your working directory.[0K
[0K[?25h[?25l
[0;32mAlberto@Alberto-HP [0;35m [0;33m~/Documents/ONP/Oficina Nacional de Estadística/Página/Cifras/Aspirantes y Admitidos[0K/
G_Admitidos[0;36m (master)[0m[0K
$[0K[3G[?25h[?25l$ g[0K[?25hi[0Kt[0K[7G[?25l$ git c[0K[?25ho[0Km[0Km[0Ki[0Kt[0K[14G[?25l$ git commit -[0K[?25hm[0K[17G[?25l$ git commit -m "[0K[?25hC[0Ka[0Kr[0Kg[0Ka[0K[24G[?25l$ git commit -m "Carga a[0K[?25hd[0Km[0Ki[0Kt[0Ki[0Kd[0Ko[0Ks[0K[34G[?25l$ git commit -m "Carga admitidos 2[0K[?25h0[0K2[0K0[0K1[0K[40G[?25l$ git commit -m "Carga admitidos 20201 P[0K[?25hr[0Ke[0K"[0K[?25l
[0K[?25h[master d96d59f] Carga admitidos 20201 Pre[0K[?25l
 549 files changed, 107924 insertions(+), 151 deletions(-)[0K
 rewrite .Rproj.user/B994EF53/console06/INDEX001 (88%)[0K
 rename .Rproj.user/B994EF53/sources/{s-BB3CF9CF => s-E3ADEDCF}/2AA4B13D (100%)[0K
 rename .Rproj.user/B994EF53/sources/{s-BB3CF9CF => s-E3ADEDCF}/2AA4B13D-contents (100%)[0K
 rename .Rproj.user/B994EF53/sources/{s-BB3CF9CF => s-E3ADEDCF}/lock_file (100%)[0K
 create mode 100644 20201/Nal/Pre/A_carreras.html[0K
 create mode 100644 20201/Nal/Pre/A_cine.html[0K
 create mode 100644 20201/Nal/Pre/A_discapacidad.html[0K
 create mode 100644 20201/Nal/Pre/A_edad.html[0K
 create mode 100644 20201/Nal/Pre/A_estrato.html[0K
 create mode 100644 20201/Nal/Pre/A_modalidad.html[0K
 create mode 100644 20201/Nal/Pre/A_nacionalidad.html[0K
 create mode 100644 20201/Nal/Pre/A_paes.html[0K
 create mode 100644 20201/Nal/Pre/A_peama.html[0K
 create mode 100644 20201/Nal/Pre/A_sede.html[0K
 create mode 100644 20201/Nal/Pre/A_sexo.html[0K
 create mode 100644 20201/Nal/Pre/A_snies.html[0K
 create mode 100644 20201/Nal/Pre/A_tipo.html[0K
 create mode 100644 20201/Nal/Pre/Nac_col1.html[0K
 create mode 100644 20201/Nal/Pre/Nac_comb.html[0K
 create mode 100644 20201/Nal/Pre/Nac_dpto.html[0K
 create mode 100644 20201/Nal/Pre/Nac_mun.html[0K
 create mode 100644 20201/Nal/Pre/Resi_col1.html[0K
 create mode 100644 20201/Nal/Pre/Resi_comb.html[0K
 create mode 100644 20201/Nal/Pre/Resi_dpto.html[0K
 create mode 100644 20201/Nal/Pre/Resi_mun.html[0K
 create mode 100644 20201/Nal/Pre/S_cine.html[0K
 create mode 100644 20201/Nal/Pre/S_discapacidad.html[0K
 create mode 100644 20201/Nal/Pre/S_edad.html[0K
 create mode 100644 20201/Nal/Pre/S_estrato.html[0K
 create mode 100644 20201/Nal/Pre/S_modalidad.html[0K
 create mode 100644 20201/Nal/Pre/S_nacionalidad.html[0K
 create mode 100644 20201/Nal/Pre/S_paes.html[0K
 create mode 100644 20201/Nal/Pre/S_peama.html[0K
 create mode 100644 20201/Nal/Pre/S_puntaje.html[0K
 create mode 100644 20201/Nal/Pre/S_puntajec.html[0K
 create mode 100644 20201/Nal/Pre/S_sede.html[0K
 create mode 100644 20201/Nal/Pre/S_sexo.html[0K
 create mode 100644 20201/Nal/Pre/S_snies.html[0K
 create mode 100644 20201/Nal/Pre/S_tipo.html[0K
 create mode 100644 20201/Nal/Pre/Serie.html[0K
 create mode 100644 20201/Nal/Pre/T_carreras.html[0K
 create mode 100644 20201/Nal/Pre/T_cine.html[0K
 create mode 100644 20201/Nal/Pre/T_discapacidad.html[0K
 create mode 100644 20201/Nal/Pre/T_edad.html[0K
 create mode 100644 20201/Nal/Pre/T_estrato.html[0K
 create mode 100644 20201/Nal/Pre/T_modalidad.html[0K
 create mode 100644 20201/Nal/Pre/T_nacionalidad.html[0K
 create mode 100644 20201/Nal/Pre/T_paes.html[0K
 create mode 100644 20201/Nal/Pre/T_peama.html[0K
 create mode 100644 20201/Nal/Pre/T_sede.html[0K
 create mode 100644 20201/Nal/Pre/T_sexo.html[0K
 create mode 100644 20201/Nal/Pre/T_snies.html[0K
 create mode 100644 20201/Nal/Pre/T_tipo.html[0K
 create mode 100644 20201/Nal/Pre/libraryjs/Proj4Leaflet-0.7.2/proj4-compressed.js[0K
 create mode 100644 20201/Nal/Pre/libraryjs/Proj4Leaflet-0.7.2/proj4.js[0K
 create mode 100644 20201/Nal/Pre/libraryjs/Proj4Leaflet-0.7.2/proj4leaflet.js[0K
 create mode 100644 20201/Nal/Pre/libraryjs/bootstrap-3.3.7/bootstrap-theme.min.css[0K
 create mode 100644 20201/Nal/Pre/libraryjs/bootstrap-3.3.7/bootstrap.min.css[0K
 create mode 100644 20201/Nal/Pre/libraryjs/bootstrap-3.3.7/bootstrap.min.js[0K
 create mode 100644 20201/Nal/Pre/libraryjs/bootstrap-3.3.7/font-awesome.min.css[0K
 create mode 100644 20201/Nal/Pre/libraryjs/bootstrap-3.3.7/fonts/FontAwesome.otf[0K
 create mode 100644 20201/Nal/Pre/libraryjs/bootstrap-3.3.7/fonts/fontawesome-webfont.eot[0K
 create mode 100644 20201/Nal/Pre/libraryjs/bootstrap-3.3.7/fonts/fontawesome-webfont.svg[0K
 create mode 100644 20201/Nal/Pre/libraryjs/bootstrap-3.3.7/fonts/fontawesome-webfont.ttf[0K
 create mode 100644 20201/Nal/Pre/libraryjs/bootstrap-3.3.7/fonts/fontawesome-webfont.woff[0K
 create mode 100644 20201/Nal/Pre/libraryjs/bootstrap-3.3.7/fonts/glyphicons-halflings-regular.eot[0K
 create mode 100644 20201/Nal/Pre/libraryjs/bootstrap-3.3.7/fonts/glyphicons-halflings-regular.svg[0K
 create mode 100644 20201/Nal/Pre/libraryjs/bootstrap-3.3.7/fonts/glyphicons-halflings-regular.ttf[0K
 create mode 100644 20201/Nal/Pre/libraryjs/bootstrap-3.3.7/fonts/glyphicons-halflings-regular.woff[0K
 create mode 100644 20201/Nal/Pre/libraryjs/bootstrap-3.3.7/fonts/ionicons.eot[0K
 create mode 100644 20201/Nal/Pre/libraryjs/bootstrap-3.3.7/fonts/ionicons.svg[0K
 create mode 100644 20201/Nal/Pre/libraryjs/bootstrap-3.3.7/fonts/ionicons.ttf[0K
 create mode 100644 20201/Nal/Pre/libraryjs/bootstrap-3.3.7/fonts/ionicons.woff[0K
 create mode 100644 20201/Nal/Pre/libraryjs/bootstrap-3.3.7/images/markers-matte.png[0K
 create mode 100644 20201/Nal/Pre/libraryjs/bootstrap-3.3.7/images/markers-matte@2x.png[0K
 create mode 100644 20201/Nal/Pre/libraryjs/bootstrap-3.3.7/images/markers-plain.png[0K
 create mode 100644 20201/Nal/Pre/libraryjs/bootstrap-3.3.7/images/markers-shadow.png[0K
 create mode 100644 20201/Nal/Pre/libraryjs/bootstrap-3.3.7/images/markers-shadow@2x.png[0K
 create mode 100644 20201/Nal/Pre/libraryjs/bootstrap-3.3.7/images/markers-soft.png[0K
 create mode 100644 20201/Nal/Pre/libraryjs/bootstrap-3.3.7/images/markers-soft@2x.png[0K
 create mode 100644 20201/Nal/Pre/libraryjs/bootstrap-3.3.7/ionicons.min.css[0K
 create mode 100644 20201/Nal/Pre/libraryjs/bootstrap-3.3.7/leaflet.awesome-markers.css[0K
 create mode 100644 20201/Nal/Pre/libraryjs/bootstrap-3.3.7/leaflet.awesome-markers.js[0K
 create mode 100644 20201/Nal/Pre/libraryjs/bootstrap-3.3.7/leaflet.awesome-markers.min.js[0K
 create mode 100644 20201/Nal/Pre/libraryjs/crosstalk-1.0.0/css/crosstalk.css[0K
 create mode 100644 20201/Nal/Pre/libraryjs/crosstalk-1.0.0/js/crosstalk.js[0K
 create mode 100644 20201/Nal/Pre/libraryjs/crosstalk-1.0.0/js/crosstalk.js.map[0K
 create mode 100644 20201/Nal/Pre/libraryjs/crosstalk-1.0.0/js/crosstalk.min.js[0K
 create mode 100644 20201/Nal/Pre/libraryjs/crosstalk-1.0.0/js/crosstalk.min.js.map[0K
 create mode 100644 20201/Nal/Pre/libraryjs/datatables-binding-0.4/css/datatables-crosstalk.css[0K
 create mode 100644 20201/Nal/Pre/libraryjs/datatables-binding-0.4/datatables.js[0K
 create mode 100644 20201/Nal/Pre/libraryjs/datatables-binding-0.4/datatables.yaml[0K
 create mode 100644 20201/Nal/Pre/libraryjs/datatables-binding-0.4/lib/datatables-extensions/AutoFill/cs[0Ks
/autoFill.bootstrap.min.css[0K
 create mode 100644 20201/Nal/Pre/libraryjs/datatables-binding-0.4/lib/datatables-extensions/AutoFill/cs[0Ks
/autoFill.bootstrap4.min.css[0K
 create mode 100644 20201/Nal/Pre/libraryjs/datatables-binding-0.4/lib/datatables-extensions/AutoFill/cs[0Ks
/autoFill.dataTables.min.css[0K
 create mode 100644 20201/Nal/Pre/libraryjs/datatables-binding-0.4/lib/datatables-extensions/AutoFill/cs[0Ks
/autoFill.foundation.min.css[0K
 create mode 100644 20201/Nal/Pre/libraryjs/datatables-binding-0.4/lib/datatables-extensions/AutoFill/cs[0Ks
/autoFill.jqueryui.min.css[0K
 create mode 100644 20201/Nal/Pre/libraryjs/datatables-binding-0.4/lib/datatables-extensions/AutoFill/cs[0Ks
/autoFill.semanticui.min.css[0K
 create mode 100644 20201/Nal/Pre/libraryjs/datatables-binding-0.4/lib/datatables-extensions/AutoFill/js[0K/
autoFill.bootstrap.min.js[0K
 create mode 100644 20201/Nal/Pre/libraryjs/datatables-binding-0.4/lib/datatables-extensions/AutoFill/js[0K/
autoFill.bootstrap4.min.js[0K
 create mode 100644 20201/Nal/Pre/libraryjs/datatables-binding-0.4/lib/datatables-extensions/AutoFill/js[0K/
autoFill.foundation.min.js[0K
 create mode 100644 20201/Nal/Pre/libraryjs/datatables-binding-0.4/lib/datatables-extensions/AutoFill/js[0K/
autoFill.jqueryui.min.js[0K
 create mode 100644 20201/Nal/Pre/libraryjs/datatables-binding-0.4/lib/datatables-extensions/AutoFill/js[0K/
autoFill.semanticui.min.js[0K
 create mode 100644 20201/Nal/Pre/libraryjs/datatables-binding-0.4/lib/datatables-extensions/AutoFill/js[0K/
dataTables.autoFill.min.js[0K
 create mode 100644 20201/Nal/Pre/libraryjs/datatables-binding-0.4/lib/datatables-extensions/Buttons/css[0K/
buttons.bootstrap.min.css[0K
 create mode 100644 20201/Nal/Pre/libraryjs/datatables-binding-0.4/lib/datatables-extensions/Buttons/css[0K/
buttons.bootstrap4.min.css[0K
 create mode 100644 20201/Nal/Pre/libraryjs/datatables-binding-0.4/lib/datatables-extensions/Buttons/css[0K/
buttons.dataTables.min.css[0K
 create mode 100644 20201/Nal/Pre/libraryjs/datatables-binding-0.4/lib/datatables-extensions/Buttons/css[0K/
buttons.foundation.min.css[0K
 create mode 100644 20201/Nal/Pre/libraryjs/datatables-binding-0.4/lib/datatables-extensions/Buttons/css[0K/
buttons.jqueryui.min.css[0K
 create mode 100644 20201/Nal/Pre/libraryjs/datatables-binding-0.4/lib/datatables-extensions/Buttons/css[0K/
buttons.semanticui.min.css[0K
 create mode 100644 20201/Nal/Pre/libraryjs/datatables-binding-0.4/lib/datatables-extensions/Buttons/js/[0Kb
uttons.bootstrap.min.js[0K
 create mode 100644 20201/Nal/Pre/libraryjs/datatables-binding-0.4/lib/datatables-extensions/Buttons/js/[0Kb
uttons.bootstrap4.min.js[0K
 create mode 100644 20201/Nal/Pre/libraryjs/datatables-binding-0.4/lib/datatables-extensions/Buttons/js/[0Kb
uttons.colVis.min.js[0K
 create mode 100644 20201/Nal/Pre/libraryjs/datatables-binding-0.4/lib/datatables-extensions/Buttons/js/[0Kb
uttons.flash.min.js[0K
 create mode 100644 20201/Nal/Pre/libraryjs/datatables-binding-0.4/lib/datatables-extensions/Buttons/js/[0Kb
uttons.foundation.min.js[0K
 create mode 100644 20201/Nal/Pre/libraryjs/datatables-binding-0.4/lib/datatables-extensions/Buttons/js/[0Kb
uttons.html5.min.js[0K
 create mode 100644 20201/Nal/Pre/libraryjs/datatables-binding-0.4/lib/datatables-extensions/Buttons/js/[0Kb
uttons.jqueryui.min.js[0K
 create mode 100644 20201/Nal/Pre/libraryjs/datatables-binding-0.4/lib/datatables-extensions/Buttons/js/[0Kb
uttons.print.min.js[0K
 create mode 100644 20201/Nal/Pre/libraryjs/datatables-binding-0.4/lib/datatables-extensions/Buttons/js/[0Kb
uttons.semanticui.min.js[0K
 create mode 100644 20201/Nal/Pre/libraryjs/datatables-binding-0.4/lib/datatables-extensions/Buttons/js/[0Kd
ataTables.buttons.min.js[0K
 create mode 100644 20201/Nal/Pre/libraryjs/datatables-binding-0.4/lib/datatables-extensions/Buttons/js/[0Kj
szip.min.js[0K
 create mode 100644 20201/Nal/Pre/libraryjs/datatables-binding-0.4/lib/datatables-extensions/Buttons/js/[0Kp
dfmake.min.js[0K
 create mode 100644 20201/Nal/Pre/libraryjs/datatables-binding-0.4/lib/datatables-extensions/Buttons/js/[0Kv
fs_fonts.js[0K
 create mode 100644 20201/Nal/Pre/libraryjs/datatables-binding-0.4/lib/datatables-extensions/Buttons/swf[0K/
flashExport.swf[0K
 create mode 100644 20201/Nal/Pre/libraryjs/datatables-binding-0.4/lib/datatables-extensions/ColReorder/[0Kc
ss/colReorder.bootstrap.min.css[0K
 create mode 100644 20201/Nal/Pre/libraryjs/datatables-binding-0.4/lib/datatables-extensions/ColReorder/[0Kc
ss/colReorder.bootstrap4.min.css[0K
 create mode 100644 20201/Nal/Pre/libraryjs/datatables-binding-0.4/lib/datatables-extensions/ColReorder/[0Kc
ss/colReorder.dataTables.min.css[0K
 create mode 100644 20201/Nal/Pre/libraryjs/datatables-binding-0.4/lib/datatables-extensions/ColReorder/[0Kc
ss/colReorder.foundation.min.css[0K
 create mode 100644 20201/Nal/Pre/libraryjs/datatables-binding-0.4/lib/datatables-extensions/ColReorder/[0Kc
ss/colReorder.jqueryui.min.css[0K
 create mode 100644 20201/Nal/Pre/libraryjs/datatables-binding-0.4/lib/datatables-extensions/ColReorder/[0Kc
ss/colReorder.semanticui.min.css[0K
 create mode 100644 20201/Nal/Pre/libraryjs/datatables-binding-0.4/lib/datatables-extensions/ColReorder/[0Kj
s/dataTables.colReorder.min.js[0K
 create mode 100644 20201/Nal/Pre/libraryjs/datatables-binding-0.4/lib/datatables-extensions/FixedColumn[0Ks
/css/fixedColumns.bootstrap.min.css[0K
 create mode 100644 20201/Nal/Pre/libraryjs/datatables-binding-0.4/lib/datatables-extensions/FixedColumn[0Ks
/css/fixedColumns.bootstrap4.min.css[0K
 create mode 100644 20201/Nal/Pre/libraryjs/datatables-binding-0.4/lib/datatables-extensions/FixedColumn[0Ks
/css/fixedColumns.dataTables.min.css[0K
 create mode 100644 20201/Nal/Pre/libraryjs/datatables-binding-0.4/lib/datatables-extensions/FixedColumn[0Ks
/css/fixedColumns.foundation.min.css[0K
 create mode 100644 20201/Nal/Pre/libraryjs/datatables-binding-0.4/lib/datatables-extensions/FixedColumn[0Ks
/css/fixedColumns.jqueryui.min.css[0K
 create mode 100644 20201/Nal/Pre/libraryjs/datatables-binding-0.4/lib/datatables-extensions/FixedColumn[0Ks
/css/fixedColumns.semanticui.min.css[0K
 create mode 100644 20201/Nal/Pre/libraryjs/datatables-binding-0.4/lib/datatables-extensions/FixedColumn[0Ks
/js/dataTables.fixedColumns.min.js[0K
 create mode 100644 20201/Nal/Pre/libraryjs/datatables-binding-0.4/lib/datatables-extensions/FixedHeader[0K/
css/fixedHeader.bootstrap.min.css[0K
 create mode 100644 20201/Nal/Pre/libraryjs/datatables-binding-0.4/lib/datatables-extensions/FixedHeader[0K/
css/fixedHeader.bootstrap4.min.css[0K
 create mode 100644 20201/Nal/Pre/libraryjs/datatables-binding-0.4/lib/datatables-extensions/FixedHeader[0K/
css/fixedHeader.dataTables.min.css[0K
 create mode 100644 20201/Nal/Pre/libraryjs/datatables-binding-0.4/lib/datatables-extensions/FixedHeader[0K/
css/fixedHeader.foundation.min.css[0K
 create mode 100644 20201/Nal/Pre/libraryjs/datatables-binding-0.4/lib/datatables-extensions/FixedHeader[0K/
css/fixedHeader.jqueryui.min.css[0K
 create mode 100644 20201/Nal/Pre/libraryjs/datatables-binding-0.4/lib/datatables-extensions/FixedHeader[0K/
css/fixedHeader.semanticui.min.css[0K
 create mode 100644 20201/Nal/Pre/libraryjs/datatables-binding-0.4/lib/datatables-extensions/FixedHeader[0K/
js/dataTables.fixedHeader.min.js[0K
 create mode 100644 20201/Nal/Pre/libraryjs/datatables-binding-0.4/lib/datatables-extensions/KeyTable/cs[0Ks
/keyTable.bootstrap.min.css[0K
 create mode 100644 20201/Nal/Pre/libraryjs/datatables-binding-0.4/lib/datatables-extensions/KeyTable/cs[0Ks
/keyTable.bootstrap4.min.css[0K
 create mode 100644 20201/Nal/Pre/libraryjs/datatables-binding-0.4/lib/datatables-extensions/KeyTable/cs[0Ks
/keyTable.dataTables.min.css[0K
 create mode 100644 20201/Nal/Pre/libraryjs/datatables-binding-0.4/lib/datatables-extensions/KeyTable/cs[0Ks
/keyTable.foundation.min.css[0K
 create mode 100644 20201/Nal/Pre/libraryjs/datatables-binding-0.4/lib/datatables-extensions/KeyTable/cs[0Ks
/keyTable.jqueryui.min.css[0K
 create mode 100644 20201/Nal/Pre/libraryjs/datatables-binding-0.4/lib/datatables-extensions/KeyTable/cs[0Ks
/keyTable.semanticui.min.css[0K
 create mode 100644 20201/Nal/Pre/libraryjs/datatables-binding-0.4/lib/datatables-extensions/KeyTable/js[0K/
dataTables.keyTable.min.js[0K
 create mode 100644 20201/Nal/Pre/libraryjs/datatables-binding-0.4/lib/datatables-extensions/Responsive/[0Kc
ss/responsive.bootstrap.min.css[0K
 create mode 100644 20201/Nal/Pre/libraryjs/datatables-binding-0.4/lib/datatables-extensions/Responsive/[0Kc
ss/responsive.bootstrap4.min.css[0K
 create mode 100644 20201/Nal/Pre/libraryjs/datatables-binding-0.4/lib/datatables-extensions/Responsive/[0Kc
ss/responsive.dataTables.min.css[0K
 create mode 100644 20201/Nal/Pre/libraryjs/datatables-binding-0.4/lib/datatables-extensions/Responsive/[0Kc
ss/responsive.foundation.min.css[0K
 create mode 100644 20201/Nal/Pre/libraryjs/datatables-binding-0.4/lib/datatables-extensions/Responsive/[0Kc
ss/responsive.jqueryui.min.css[0K
 create mode 100644 20201/Nal/Pre/libraryjs/datatables-binding-0.4/lib/datatables-extensions/Responsive/[0Kc
ss/responsive.semanticui.min.css[0K
 create mode 100644 20201/Nal/Pre/libraryjs/datatables-binding-0.4/lib/datatables-extensions/Responsive/[0Kj
s/dataTables.responsive.min.js[0K
 create mode 100644 20201/Nal/Pre/libraryjs/datatables-binding-0.4/lib/datatables-extensions/Responsive/[0Kj
s/responsive.bootstrap.min.js[0K
 create mode 100644 20201/Nal/Pre/libraryjs/datatables-binding-0.4/lib/datatables-extensions/Responsive/[0Kj
s/responsive.bootstrap4.min.js[0K
 create mode 100644 20201/Nal/Pre/libraryjs/datatables-binding-0.4/lib/datatables-extensions/Responsive/[0Kj
s/responsive.foundation.min.js[0K
 create mode 100644 20201/Nal/Pre/libraryjs/datatables-binding-0.4/lib/datatables-extensions/Responsive/[0Kj
s/responsive.jqueryui.min.js[0K
 create mode 100644 20201/Nal/Pre/libraryjs/datatables-binding-0.4/lib/datatables-extensions/Responsive/[0Kj
s/responsive.semanticui.min.js[0K
 create mode 100644 20201/Nal/Pre/libraryjs/datatables-binding-0.4/lib/datatables-extensions/RowGroup/cs[0Ks
/rowGroup.bootstrap.min.css[0K
 create mode 100644 20201/Nal/Pre/libraryjs/datatables-binding-0.4/lib/datatables-extensions/RowGroup/cs[0Ks
/rowGroup.bootstrap4.min.css[0K
 create mode 100644 20201/Nal/Pre/libraryjs/datatables-binding-0.4/lib/datatables-extensions/RowGroup/cs[0Ks
/rowGroup.dataTables.min.css[0K
 create mode 100644 20201/Nal/Pre/libraryjs/datatables-binding-0.4/lib/datatables-extensions/RowGroup/cs[0Ks
/rowGroup.foundation.min.css[0K
 create mode 100644 20201/Nal/Pre/libraryjs/datatables-binding-0.4/lib/datatables-extensions/RowGroup/cs[0Ks
/rowGroup.jqueryui.min.css[0K
 create mode 100644 20201/Nal/Pre/libraryjs/datatables-binding-0.4/lib/datatables-extensions/RowGroup/cs[0Ks
/rowGroup.semanticui.min.css[0K
 create mode 100644 20201/Nal/Pre/libraryjs/datatables-binding-0.4/lib/datatables-extensions/RowGroup/js[0K/
dataTables.rowGroup.min.js[0K
 create mode 100644 20201/Nal/Pre/libraryjs/datatables-binding-0.4/lib/datatables-extensions/RowReorder/[0Kc
ss/rowReorder.bootstrap.min.css[0K
 create mode 100644 20201/Nal/Pre/libraryjs/datatables-binding-0.4/lib/datatables-extensions/RowReorder/[0Kc
ss/rowReorder.bootstrap4.min.css[0K
 create mode 100644 20201/Nal/Pre/libraryjs/datatables-binding-0.4/lib/datatables-extensions/RowReorder/[0Kc
ss/rowReorder.dataTables.min.css[0K
 create mode 100644 20201/Nal/Pre/libraryjs/datatables-binding-0.4/lib/datatables-extensions/RowReorder/[0Kc
ss/rowReorder.foundation.min.css[0K
 create mode 100644 20201/Nal/Pre/libraryjs/datatables-binding-0.4/lib/datatables-extensions/RowReorder/[0Kc
ss/rowReorder.jqueryui.min.css[0K
 create mode 100644 20201/Nal/Pre/libraryjs/datatables-binding-0.4/lib/datatables-extensions/RowReorder/[0Kc
ss/rowReorder.semanticui.min.css[0K
 create mode 100644 20201/Nal/Pre/libraryjs/datatables-binding-0.4/lib/datatables-extensions/RowReorder/[0Kj
s/dataTables.rowReorder.min.js[0K
 create mode 100644 20201/Nal/Pre/libraryjs/datatables-binding-0.4/lib/datatables-extensions/Scroller/cs[0Ks
/scroller.bootstrap.min.css[0K
 create mode 100644 20201/Nal/Pre/libraryjs/datatables-binding-0.4/lib/datatables-extensions/Scroller/cs[0Ks
/scroller.bootstrap4.min.css[0K
 create mode 100644 20201/Nal/Pre/libraryjs/datatables-binding-0.4/lib/datatables-extensions/Scroller/cs[0Ks
/scroller.dataTables.min.css[0K
 create mode 100644 20201/Nal/Pre/libraryjs/datatables-binding-0.4/lib/datatables-extensions/Scroller/cs[0Ks
/scroller.foundation.min.css[0K
 create mode 100644 20201/Nal/Pre/libraryjs/datatables-binding-0.4/lib/datatables-extensions/Scroller/cs[0Ks
/scroller.jqueryui.min.css[0K
 create mode 100644 20201/Nal/Pre/libraryjs/datatables-binding-0.4/lib/datatables-extensions/Scroller/cs[0Ks
/scroller.semanticui.min.css[0K
 create mode 100644 20201/Nal/Pre/libraryjs/datatables-binding-0.4/lib/datatables-extensions/Scroller/js[0K/
dataTables.scroller.min.js[0K
 create mode 100644 20201/Nal/Pre/libraryjs/datatables-binding-0.4/lib/datatables-extensions/Select/css/[0Ks
elect.bootstrap.min.css[0K
 create mode 100644 20201/Nal/Pre/libraryjs/datatables-binding-0.4/lib/datatables-extensions/Select/css/[0Ks
elect.bootstrap4.min.css[0K
 create mode 100644 20201/Nal/Pre/libraryjs/datatables-binding-0.4/lib/datatables-extensions/Select/css/[0Ks
elect.dataTables.min.css[0K
 create mode 100644 20201/Nal/Pre/libraryjs/datatables-binding-0.4/lib/datatables-extensions/Select/css/[0Ks
elect.foundation.min.css[0K
 create mode 100644 20201/Nal/Pre/libraryjs/datatables-binding-0.4/lib/datatables-extensions/Select/css/[0Ks
elect.jqueryui.min.css[0K
 create mode 100644 20201/Nal/Pre/libraryjs/datatables-binding-0.4/lib/datatables-extensions/Select/css/[0Ks
elect.semanticui.min.css[0K
 create mode 100644 20201/Nal/Pre/libraryjs/datatables-binding-0.4/lib/datatables-extensions/Select/js/d[0Ka
taTables.select.min.js[0K
 create mode 100644 20201/Nal/Pre/libraryjs/datatables-binding-0.4/lib/datatables-plugins/natural/natura[0Kl
.js[0K
 create mode 100644 20201/Nal/Pre/libraryjs/datatables-binding-0.4/lib/datatables-plugins/searchHighligh[0Kt
/dataTables.searchHighlight.css[0K
 create mode 100644 20201/Nal/Pre/libraryjs/datatables-binding-0.4/lib/datatables-plugins/searchHighligh[0Kt
/dataTables.searchHighlight.min.js[0K
 create mode 100644 20201/Nal/Pre/libraryjs/datatables-binding-0.4/lib/datatables-plugins/searchHighligh[0Kt
/jquery.highlight.js[0K
 create mode 100644 20201/Nal/Pre/libraryjs/datatables-binding-0.4/lib/datatables/css/dataTables.bootstr[0Ka
p.extra.css[0K
 create mode 100644 20201/Nal/Pre/libraryjs/datatables-binding-0.4/lib/datatables/css/dataTables.bootstr[0Ka
p.min.css[0K
 create mode 100644 20201/Nal/Pre/libraryjs/datatables-binding-0.4/lib/datatables/css/dataTables.bootstr[0Ka
p4.min.css[0K
 create mode 100644 20201/Nal/Pre/libraryjs/datatables-binding-0.4/lib/datatables/css/dataTables.foundat[0Ki
on.min.css[0K
 create mode 100644 20201/Nal/Pre/libraryjs/datatables-binding-0.4/lib/datatables/css/dataTables.jqueryu[0Ki
.min.css[0K
 create mode 100644 20201/Nal/Pre/libraryjs/datatables-binding-0.4/lib/datatables/css/dataTables.materia[0Kl
.min.css[0K
 create mode 100644 20201/Nal/Pre/libraryjs/datatables-binding-0.4/lib/datatables/css/dataTables.semanti[0Kc
ui.min.css[0K
 create mode 100644 20201/Nal/Pre/libraryjs/datatables-binding-0.4/lib/datatables/css/dataTables.uikit.m[0Ki
n.css[0K
 create mode 100644 20201/Nal/Pre/libraryjs/datatables-binding-0.4/lib/datatables/css/jquery.dataTables.[0Ke
xtra.css[0K
 create mode 100644 20201/Nal/Pre/libraryjs/datatables-binding-0.4/lib/datatables/css/jquery.dataTables.[0Km
in.css[0K
 create mode 100644 20201/Nal/Pre/libraryjs/datatables-binding-0.4/lib/datatables/js/dataTables.bootstra[0Kp
.min.js[0K
 create mode 100644 20201/Nal/Pre/libraryjs/datatables-binding-0.4/lib/datatables/js/dataTables.bootstra[0Kp
4.min.js[0K
 create mode 100644 20201/Nal/Pre/libraryjs/datatables-binding-0.4/lib/datatables/js/dataTables.foundati[0Ko
n.min.js[0K
 create mode 100644 20201/Nal/Pre/libraryjs/datatables-binding-0.4/lib/datatables/js/dataTables.jqueryui[0K.
min.js[0K
 create mode 100644 20201/Nal/Pre/libraryjs/datatables-binding-0.4/lib/datatables/js/dataTables.material[0K.
min.js[0K
 create mode 100644 20201/Nal/Pre/libraryjs/datatables-binding-0.4/lib/datatables/js/dataTables.semantic[0Ku
i.min.js[0K
 create mode 100644 20201/Nal/Pre/libraryjs/datatables-binding-0.4/lib/datatables/js/dataTables.uikit.mi[0Kn
.js[0K
 create mode 100644 20201/Nal/Pre/libraryjs/datatables-binding-0.4/lib/datatables/js/jquery.dataTables.m[0Ki
n.js[0K
 create mode 100644 20201/Nal/Pre/libraryjs/datatables-binding-0.4/lib/datatables/license.txt[0K
 create mode 100644 20201/Nal/Pre/libraryjs/datatables-binding-0.4/lib/jquery/LICENSE.txt[0K
 create mode 100644 20201/Nal/Pre/libraryjs/datatables-binding-0.4/lib/jquery/jquery.min.js[0K
 create mode 100644 20201/Nal/Pre/libraryjs/datatables-binding-0.4/lib/nouislider/jquery.nouislider.min.[0Kc
ss[0K
 create mode 100644 20201/Nal/Pre/libraryjs/datatables-binding-0.4/lib/nouislider/jquery.nouislider.min.[0Kj
s[0K
 create mode 100644 20201/Nal/Pre/libraryjs/datatables-binding-0.4/lib/selectize/selectize.bootstrap3.cs[0Ks
[0K
 create mode 100644 20201/Nal/Pre/libraryjs/datatables-binding-0.4/lib/selectize/selectize.min.js[0K
 create mode 100644 20201/Nal/Pre/libraryjs/datatables-css-0.0.0/datatables-crosstalk.css[0K
 create mode 100644 20201/Nal/Pre/libraryjs/dt-core-1.10.16/css/jquery.dataTables.extra.css[0K
 create mode 100644 20201/Nal/Pre/libraryjs/dt-core-1.10.16/css/jquery.dataTables.min.css[0K
 create mode 100644 20201/Nal/Pre/libraryjs/dt-core-1.10.16/js/jquery.dataTables.min.js[0K
 create mode 100644 20201/Nal/Pre/libraryjs/dt-ext-buttons-1.10.16/css/buttons.dataTables.min.css[0K
 create mode 100644 20201/Nal/Pre/libraryjs/dt-ext-buttons-1.10.16/js/buttons.colVis.min.js[0K
 create mode 100644 20201/Nal/Pre/libraryjs/dt-ext-buttons-1.10.16/js/buttons.flash.min.js[0K
 create mode 100644 20201/Nal/Pre/libraryjs/dt-ext-buttons-1.10.16/js/buttons.html5.min.js[0K
 create mode 100644 20201/Nal/Pre/libraryjs/dt-ext-buttons-1.10.16/js/buttons.print.min.js[0K
 create mode 100644 20201/Nal/Pre/libraryjs/dt-ext-buttons-1.10.16/js/dataTables.buttons.min.js[0K
 create mode 100644 20201/Nal/Pre/libraryjs/dt-ext-keytable-1.10.16/css/keyTable.dataTables.min.css[0K
 create mode 100644 20201/Nal/Pre/libraryjs/dt-ext-keytable-1.10.16/js/dataTables.keyTable.min.js[0K
 create mode 100644 20201/Nal/Pre/libraryjs/dt-ext-responsive-1.10.16/css/responsive.dataTables.min.css[0K
 create mode 100644 20201/Nal/Pre/libraryjs/dt-ext-responsive-1.10.16/js/dataTables.responsive.min.js[0K
 create mode 100644 20201/Nal/Pre/libraryjs/dt-plugin-searchhighlight-1.10.16/dataTables.searchHighlight[0K.
css[0K
 create mode 100644 20201/Nal/Pre/libraryjs/dt-plugin-searchhighlight-1.10.16/dataTables.searchHighlight[0K.
min.js[0K
 create mode 100644 20201/Nal/Pre/libraryjs/dt-plugin-searchhighlight-1.10.16/jquery.highlight.js[0K
 create mode 100644 20201/Nal/Pre/libraryjs/highchart-binding-0.5.0.9999/highchart.js[0K
 create mode 100644 20201/Nal/Pre/libraryjs/highchart-binding-0.6.0/highchart.js[0K
 create mode 100644 20201/Nal/Pre/libraryjs/highchart-binding-0.6.0/highchart.yaml[0K
 create mode 100644 20201/Nal/Pre/libraryjs/highchart-binding-0.6.0/highchart2.js[0K
 create mode 100644 20201/Nal/Pre/libraryjs/highchart-binding-0.6.0/highchart2.yaml[0K
 create mode 100644 20201/Nal/Pre/libraryjs/highchart-binding-0.6.0/highchartct.js[0K
 create mode 100644 20201/Nal/Pre/libraryjs/highchart-binding-0.6.0/highchartct.yaml[0K
 create mode 100644 20201/Nal/Pre/libraryjs/highchart-binding-0.6.0/highchartzero.js[0K
 create mode 100644 20201/Nal/Pre/libraryjs/highchart-binding-0.6.0/highchartzero.yaml[0K
 create mode 100644 20201/Nal/Pre/libraryjs/highchart-binding-0.6.0/lib/highcharts-6.0.3/css/motion.css[0K
 create mode 100644 20201/Nal/Pre/libraryjs/highchart-binding-0.6.0/lib/highcharts-6.0.3/custom/reset.js[0K
 create mode 100644 20201/Nal/Pre/libraryjs/highchart-binding-0.6.0/lib/highcharts-6.0.3/custom/symbols-[0Ke
xtra.js[0K
 create mode 100644 20201/Nal/Pre/libraryjs/highchart-binding-0.6.0/lib/highcharts-6.0.3/custom/text-sym[0Kb
ols.js[0K
 create mode 100644 20201/Nal/Pre/libraryjs/highchart-binding-0.6.0/lib/highcharts-6.0.3/highcharts-3d.j[0Ks
[0K
 create mode 100644 20201/Nal/Pre/libraryjs/highchart-binding-0.6.0/lib/highcharts-6.0.3/highcharts-more[0K.
js[0K
 create mode 100644 20201/Nal/Pre/libraryjs/highchart-binding-0.6.0/lib/highcharts-6.0.3/highcharts.js[0K
 create mode 100644 20201/Nal/Pre/libraryjs/highchart-binding-0.6.0/lib/highcharts-6.0.3/maps/modules/ma[0Kp
.js[0K
 create mode 100644 20201/Nal/Pre/libraryjs/highchart-binding-0.6.0/lib/highcharts-6.0.3/modules/accessi[0Kb
ility.js[0K
 create mode 100644 20201/Nal/Pre/libraryjs/highchart-binding-0.6.0/lib/highcharts-6.0.3/modules/annotat[0Ki
ons.js[0K
 create mode 100644 20201/Nal/Pre/libraryjs/highchart-binding-0.6.0/lib/highcharts-6.0.3/modules/boost-c[0Ka
nvas.js[0K
 create mode 100644 20201/Nal/Pre/libraryjs/highchart-binding-0.6.0/lib/highcharts-6.0.3/modules/boost.j[0Ks
[0K
 create mode 100644 20201/Nal/Pre/libraryjs/highchart-binding-0.6.0/lib/highcharts-6.0.3/modules/broken-[0Ka
xis.js[0K
 create mode 100644 20201/Nal/Pre/libraryjs/highchart-binding-0.6.0/lib/highcharts-6.0.3/modules/bullet.[0Kj
s[0K
 create mode 100644 20201/Nal/Pre/libraryjs/highchart-binding-0.6.0/lib/highcharts-6.0.3/modules/data.js[0K
 create mode 100644 20201/Nal/Pre/libraryjs/highchart-binding-0.6.0/lib/highcharts-6.0.3/modules/drag-pa[0Kn
es.js[0K
 create mode 100644 20201/Nal/Pre/libraryjs/highchart-binding-0.6.0/lib/highcharts-6.0.3/modules/drilldo[0Kw
n.js[0K
 create mode 100644 20201/Nal/Pre/libraryjs/highchart-binding-0.6.0/lib/highcharts-6.0.3/modules/export-[0Kd
ata.js[0K
 create mode 100644 20201/Nal/Pre/libraryjs/highchart-binding-0.6.0/lib/highcharts-6.0.3/modules/exporti[0Kn
g.js[0K
 create mode 100644 20201/Nal/Pre/libraryjs/highchart-binding-0.6.0/lib/highcharts-6.0.3/modules/funnel.[0Kj
s[0K
 create mode 100644 20201/Nal/Pre/libraryjs/highchart-binding-0.6.0/lib/highcharts-6.0.3/modules/gantt.j[0Ks
[0K
 create mode 100644 20201/Nal/Pre/libraryjs/highchart-binding-0.6.0/lib/highcharts-6.0.3/modules/grid-ax[0Ki
s.js[0K
 create mode 100644 20201/Nal/Pre/libraryjs/highchart-binding-0.6.0/lib/highcharts-6.0.3/modules/heatmap[0K.
js[0K
 create mode 100644 20201/Nal/Pre/libraryjs/highchart-binding-0.6.0/lib/highcharts-6.0.3/modules/histogr[0Ka
m-bellcurve.js[0K
 create mode 100644 20201/Nal/Pre/libraryjs/highchart-binding-0.6.0/lib/highcharts-6.0.3/modules/item-se[0Kr
ies.js[0K
 create mode 100644 20201/Nal/Pre/libraryjs/highchart-binding-0.6.0/lib/highcharts-6.0.3/modules/no-data[0K-
to-display.js[0K
 create mode 100644 20201/Nal/Pre/libraryjs/highchart-binding-0.6.0/lib/highcharts-6.0.3/modules/offline[0K-
exporting.js[0K
 create mode 100644 20201/Nal/Pre/libraryjs/highchart-binding-0.6.0/lib/highcharts-6.0.3/modules/oldie.j[0Ks
[0K
 create mode 100644 20201/Nal/Pre/libraryjs/highchart-binding-0.6.0/lib/highcharts-6.0.3/modules/overlap[0Kp
ing-datalabels.js[0K
 create mode 100644 20201/Nal/Pre/libraryjs/highchart-binding-0.6.0/lib/highcharts-6.0.3/modules/paralle[0Kl
-coordinates.js[0K
 create mode 100644 20201/Nal/Pre/libraryjs/highchart-binding-0.6.0/lib/highcharts-6.0.3/modules/pareto.[0Kj
s[0K
 create mode 100644 20201/Nal/Pre/libraryjs/highchart-binding-0.6.0/lib/highcharts-6.0.3/modules/sankey.[0Kj
s[0K
 create mode 100644 20201/Nal/Pre/libraryjs/highchart-binding-0.6.0/lib/highcharts-6.0.3/modules/series-[0Kl
abel.js[0K
 create mode 100644 20201/Nal/Pre/libraryjs/highchart-binding-0.6.0/lib/highcharts-6.0.3/modules/solid-g[0Ka
uge.js[0K
 create mode 100644 20201/Nal/Pre/libraryjs/highchart-binding-0.6.0/lib/highcharts-6.0.3/modules/static-[0Ks
cale.js[0K
 create mode 100644 20201/Nal/Pre/libraryjs/highchart-binding-0.6.0/lib/highcharts-6.0.3/modules/stock.j[0Ks
[0K
 create mode 100644 20201/Nal/Pre/libraryjs/highchart-binding-0.6.0/lib/highcharts-6.0.3/modules/streamg[0Kr
aph.js[0K
 create mode 100644 20201/Nal/Pre/libraryjs/highchart-binding-0.6.0/lib/highcharts-6.0.3/modules/sunburs[0Kt
.js[0K
 create mode 100644 20201/Nal/Pre/libraryjs/highchart-binding-0.6.0/lib/highcharts-6.0.3/modules/treemap[0K.
js[0K
 create mode 100644 20201/Nal/Pre/libraryjs/highchart-binding-0.6.0/lib/highcharts-6.0.3/modules/variabl[0Ke
-pie.js[0K
 create mode 100644 20201/Nal/Pre/libraryjs/highchart-binding-0.6.0/lib/highcharts-6.0.3/modules/variwid[0Ke
.js[0K
 create mode 100644 20201/Nal/Pre/libraryjs/highchart-binding-0.6.0/lib/highcharts-6.0.3/modules/vector.[0Kj
s[0K
 create mode 100644 20201/Nal/Pre/libraryjs/highchart-binding-0.6.0/lib/highcharts-6.0.3/modules/windbar[0Kb
.js[0K
 create mode 100644 20201/Nal/Pre/libraryjs/highchart-binding-0.6.0/lib/highcharts-6.0.3/modules/wordclo[0Ku
d.js[0K
 create mode 100644 20201/Nal/Pre/libraryjs/highchart-binding-0.6.0/lib/highcharts-6.0.3/modules/xrange.[0Kj
s[0K
 create mode 100644 20201/Nal/Pre/libraryjs/highchart-binding-0.6.0/lib/highcharts-6.0.3/plugins/annotat[0Ki
ons.js[0K
 create mode 100644 20201/Nal/Pre/libraryjs/highchart-binding-0.6.0/lib/highcharts-6.0.3/plugins/draggab[0Kl
e-legend.js[0K
 create mode 100644 20201/Nal/Pre/libraryjs/highchart-binding-0.6.0/lib/highcharts-6.0.3/plugins/draggab[0Kl
e-points.js[0K
 create mode 100644 20201/Nal/Pre/libraryjs/highchart-binding-0.6.0/lib/highcharts-6.0.3/plugins/export-[0Kc
sv.js[0K
 create mode 100644 20201/Nal/Pre/libraryjs/highchart-binding-0.6.0/lib/highcharts-6.0.3/plugins/grouped[0K-
categories.js[0K
 create mode 100644 20201/Nal/Pre/libraryjs/highchart-binding-0.6.0/lib/highcharts-6.0.3/plugins/highcha[0Kr
ts-regression.js[0K
 create mode 100644 20201/Nal/Pre/libraryjs/highchart-binding-0.6.0/lib/highcharts-6.0.3/plugins/motion.[0Kj
s[0K
 create mode 100644 20201/Nal/Pre/libraryjs/highchart-binding-0.6.0/lib/highcharts-6.0.3/plugins/multico[0Kl
or_series.js[0K
 create mode 100644 20201/Nal/Pre/libraryjs/highchart-binding-0.6.0/lib/highcharts-6.0.3/plugins/pattern[0K-
fill-v2.js[0K
 create mode 100644 20201/Nal/Pre/libraryjs/highchart-binding-0.6.0/lib/highcharts-6.0.3/plugins/tooltip[0K-
delay.js[0K
 create mode 100644 20201/Nal/Pre/libraryjs/highchart-binding-0.6.0/lib/highcharts-6.0.3/stock/highstock[0K.
js[0K
 create mode 100644 20201/Nal/Pre/libraryjs/highchart-binding-0.6.0/lib/htmlwdgtgrid/htmlwdgtgrid.css[0K
 create mode 100644 20201/Nal/Pre/libraryjs/highchart-binding-0.6.0/lib/jquery/jquery.min.js[0K
 create mode 100644 20201/Nal/Pre/libraryjs/highchart-binding-0.6.0/lib/proj4js/proj4.js[0K
 create mode 100644 20201/Nal/Pre/libraryjs/highcharts-6.0.3/css/motion.css[0K
 create mode 100644 20201/Nal/Pre/libraryjs/highcharts-6.0.3/custom/reset.js[0K
 create mode 100644 20201/Nal/Pre/libraryjs/highcharts-6.0.3/custom/symbols-extra.js[0K
 create mode 100644 20201/Nal/Pre/libraryjs/highcharts-6.0.3/custom/text-symbols.js[0K
 create mode 100644 20201/Nal/Pre/libraryjs/highcharts-6.0.3/highcharts-3d.js[0K
 create mode 100644 20201/Nal/Pre/libraryjs/highcharts-6.0.3/highcharts-more.js[0K
 create mode 100644 20201/Nal/Pre/libraryjs/highcharts-6.0.3/highcharts.js[0K
 create mode 100644 20201/Nal/Pre/libraryjs/highcharts-6.0.3/maps/modules/map.js[0K
 create mode 100644 20201/Nal/Pre/libraryjs/highcharts-6.0.3/modules/accessibility.js[0K
 create mode 100644 20201/Nal/Pre/libraryjs/highcharts-6.0.3/modules/annotations.js[0K
 create mode 100644 20201/Nal/Pre/libraryjs/highcharts-6.0.3/modules/boost-canvas.js[0K
 create mode 100644 20201/Nal/Pre/libraryjs/highcharts-6.0.3/modules/boost.js[0K
 create mode 100644 20201/Nal/Pre/libraryjs/highcharts-6.0.3/modules/broken-axis.js[0K
 create mode 100644 20201/Nal/Pre/libraryjs/highcharts-6.0.3/modules/bullet.js[0K
 create mode 100644 20201/Nal/Pre[0K[?25h/libraryjs/highcharts-6.0.3/modules/data.js[0K[?25l
 create mode 100644 20201/Nal/Pre/libraryjs/highcharts-6.0.3/modules/drag-panes.js[0K
 create mode 100644 20201/Nal/Pre/libraryjs/highcharts-6.0.3/modules/drilldown.js[0K
 create mode 100644 20201/Nal/Pre/libraryjs/highcharts-6.0.3/modules/export-data.js[0K
 create mode 100644 20201/Nal/Pre/libraryjs/highcharts-6.0.3/modules/exporting.js[0K
 create mode 100644 20201/Nal/Pre/libraryjs/highcharts-6.0.3/modules/funnel.js[0K
 create mode 100644 20201/Nal/Pre/libraryjs/highcharts-6.0.3/modules/gantt.js[0K
 create mode 100644 20201/Nal/Pre/libraryjs/highcharts-6.0.3/modules/grid-axis.js[0K
 create mode 100644 20201/Nal/Pre/libraryjs/highcharts-6.0.3/modules/heatmap.js[0K
 create mode 100644 20201/Nal/Pre/libraryjs/highcharts-6.0.3/modules/histogram-bellcurve.js[0K
 create mode 100644 20201/Nal/Pre/libraryjs/highcharts-6.0.3/modules/item-series.js[0K
 create mode 100644 20201/Nal/Pre/libraryjs/highcharts-6.0.3/modules/no-data-to-display.js[0K
 create mode 100644 20201/Nal/Pre/libraryjs/highcharts-6.0.3/modules/offline-exporting.js[0K
 create mode 100644 20201/Nal/Pre/libraryjs/highcharts-6.0.3/modules/oldie.js[0K
 create mode 100644 20201/Nal/Pre/libraryjs/highcharts-6.0.3/modules/overlapping-datalabels.js[0K
 create mode 100644 20201/Nal/Pre/libraryjs/highcharts-6.0.3/modules/parallel-coordinates.js[0K
 create mode 100644 20201/Nal/Pre/libraryjs/highcharts-6.0.3/modules/pareto.js[0K
 create mode 100644 20201/Nal/Pre/libraryjs/highcharts-6.0.3/modules/sankey.js[0K
 create mode 100644 20201/Nal/Pre/libraryjs/highcharts-6.0.3/modules/series-label.js[0K
 create mode 100644 20201/Nal/Pre/libraryjs/highcharts-6.0.3/modules/solid-gauge.js[0K
 create mode 100644 20201/Nal/Pre/libraryjs/highcharts-6.0.3/modules/static-scale.js[0K
 create mode 100644 20201/Nal/Pre/libraryjs/highcharts-6.0.3/modules/stock.js[0K
 create mode 100644 20201/Nal/Pre/libraryjs/highcharts-6.0.3/modules/streamgraph.js[0K
 create mode 100644 20201/Nal/Pre/libraryjs/highcharts-6.0.3/modules/sunburst.js[0K
 create mode 100644 20201/Nal/Pre/libraryjs/highcharts-6.0.3/modules/treemap.js[0K
 create mode 100644 20201/Nal/Pre/libraryjs/highcharts-6.0.3/modules/variable-pie.js[0K
 create mode 100644 20201/Nal/Pre/libraryjs/highcharts-6.0.3/modules/variwide.js[0K
 create mode 100644 20201/Nal/Pre/libraryjs/highcharts-6.0.3/modules/vector.js[0K
 create mode 100644 20201/Nal/Pre/libraryjs/highcharts-6.0.3/modules/windbarb.js[0K
 create mode 100644 20201/Nal/Pre/libraryjs/highcharts-6.0.3/modules/wordcloud.js[0K
 create mode 100644 20201/Nal/Pre/libraryjs/highcharts-6.0.3/modules/xrange.js[0K
 create mode 100644 20201/Nal/Pre/libraryjs/highcharts-6.0.3/plugins/annotations.js[0K
 create mode 100644 20201/Nal/Pre/libraryjs/highcharts-6.0.3/plugins/draggable-legend.js[0K
 create mode 100644 20201/Nal/Pre/libraryjs/highcharts-6.0.3/plugins/draggable-points.js[0K
 create mode 100644 20201/Nal/Pre/libraryjs/highcharts-6.0.3/plugins/export-csv.js[0K
 create mode 100644 20201/Nal/Pre/libraryjs/highcharts-6.0.3/plugins/grouped-categories.js[0K
 create mode 100644 20201/Nal/Pre/libraryjs/highcharts-6.0.3/plugins/highcharts-regression.js[0K
 create mode 100644 20201/Nal/Pre/libraryjs/highcharts-6.0.3/plugins/motion.js[0K
 create mode 100644 20201/Nal/Pre/libraryjs/highcharts-6.0.3/plugins/multicolor_series.js[0K
 create mode 100644 20201/Nal/Pre/libraryjs/highcharts-6.0.3/plugins/pattern-fill-v2.js[0K
 create mode 100644 20201/Nal/Pre/libraryjs/highcharts-6.0.3/plugins/tooltip-delay.js[0K
 create mode 100644 20201/Nal/Pre/libraryjs/highcharts-6.0.3/stock/highstock.js[0K
 create mode 100644 20201/Nal/Pre/libraryjs/htmlwdgtgrid-1/htmlwdgtgrid.css[0K
 create mode 100644 20201/Nal/Pre/libraryjs/htmlwidgets-1.2/htmlwidgets.js[0K
 create mode 100644 20201/Nal/Pre/libraryjs/htmlwidgets-1.3/htmlwidgets.js[0K
 create mode 100644 20201/Nal/Pre/libraryjs/jquery-1.11.1/jquery.min.js[0K
 create mode 100644 20201/Nal/Pre/libraryjs/jquery-1.12.4/jquery.js[0K
 create mode 100644 20201/Nal/Pre/libraryjs/jquery-1.12.4/jquery.min.js[0K
 create mode 100644 20201/Nal/Pre/libraryjs/jszip-1.10.16/jszip.min.js[0K
 create mode 100644 20201/Nal/Pre/libraryjs/leaflet-0.7.7/images/1px.png[0K
 create mode 100644 20201/Nal/Pre/libraryjs/leaflet-0.7.7/images/layers-2x.png[0K
 create mode 100644 20201/Nal/Pre/libraryjs/leaflet-0.7.7/images/layers.png[0K
 create mode 100644 20201/Nal/Pre/libraryjs/leaflet-0.7.7/images/marker-icon-2x.png[0K
 create mode 100644 20201/Nal/Pre/libraryjs/leaflet-0.7.7/images/marker-icon.png[0K
 create mode 100644 20201/Nal/Pre/libraryjs/leaflet-0.7.7/images/marker-shadow.png[0K
 create mode 100644 20201/Nal/Pre/libraryjs/leaflet-0.7.7/leaflet-src.js[0K
 create mode 100644 20201/Nal/Pre/libraryjs/leaflet-0.7.7/leaflet.css[0K
 create mode 100644 20201/Nal/Pre/libraryjs/leaflet-0.7.7/leaflet.js[0K
 create mode 100644 20201/Nal/Pre/libraryjs/leaflet-awesomemarkers-2.0.3/bootstrap-theme.min.css[0K
 create mode 100644 20201/Nal/Pre/libraryjs/leaflet-awesomemarkers-2.0.3/bootstrap.min.css[0K
 create mode 100644 20201/Nal/Pre/libraryjs/leaflet-awesomemarkers-2.0.3/bootstrap.min.js[0K
 create mode 100644 20201/Nal/Pre/libraryjs/leaflet-awesomemarkers-2.0.3/font-awesome.min.css[0K
 create mode 100644 20201/Nal/Pre/libraryjs/leaflet-awesomemarkers-2.0.3/fonts/FontAwesome.otf[0K
 create mode 100644 20201/Nal/Pre/libraryjs/leaflet-awesomemarkers-2.0.3/fonts/fontawesome-webfont.eot[0K
 create mode 100644 20201/Nal/Pre/libraryjs/leaflet-awesomemarkers-2.0.3/fonts/fontawesome-webfont.svg[0K
 create mode 100644 20201/Nal/Pre/libraryjs/leaflet-awesomemarkers-2.0.3/fonts/fontawesome-webfont.ttf[0K
 create mode 100644 20201/Nal/Pre/libraryjs/leaflet-awesomemarkers-2.0.3/fonts/fontawesome-webfont.woff[0K
 create mode 100644 20201/Nal/Pre/libraryjs/leaflet-awesomemarkers-2.0.3/fonts/glyphicons-halflings-regu[0Kl
ar.eot[0K
 create mode 100644 20201/Nal/Pre/libraryjs/leaflet-awesomemarkers-2.0.3/fonts/glyphicons-halflings-regu[0Kl
ar.svg[0K
 create mode 100644 20201/Nal/Pre/libraryjs/leaflet-awesomemarkers-2.0.3/fonts/glyphicons-halflings-regu[0Kl
ar.ttf[0K
 create mode 100644 20201/Nal/Pre/libraryjs/leaflet-awesomemarkers-2.0.3/fonts/glyphicons-halflings-regu[0Kl
ar.woff[0K
 create mode 100644 20201/Nal/Pre/libraryjs/leaflet-awesomemarkers-2.0.3/fonts/ionicons.eot[0K
 create mode 100644 20201/Nal/Pre/libraryjs/leaflet-awesomemarkers-2.0.3/fonts/ionicons.svg[0K
 create mode 100644 20201/Nal/Pre/libraryjs/leaflet-awesomemarkers-2.0.3/fonts/ionicons.ttf[0K
 create mode 100644 20201/Nal/Pre/libraryjs/leaflet-awesomemarkers-2.0.3/fonts/ionicons.woff[0K
 create mode 100644 20201/Nal/Pre/libraryjs/leaflet-awesomemarkers-2.0.3/images/markers-matte.png[0K
 create mode 100644 20201/Nal/Pre/libraryjs/leaflet-awesomemarkers-2.0.3/images/markers-matte@2x.png[0K
 create mode 100644 20201/Nal/Pre/libraryjs/leaflet-awesomemarkers-2.0.3/images/markers-plain.png[0K
 create mode 100644 20201/Nal/Pre/libraryjs/leaflet-awesomemarkers-2.0.3/images/markers-shadow.png[0K
 create mode 100644 20201/Nal/Pre/libraryjs/leaflet-awesomemarkers-2.0.3/images/markers-shadow@2x.png[0K
 create mode 100644 20201/Nal/Pre/libraryjs/leaflet-awesomemarkers-2.0.3/images/markers-soft.png[0K
 create mode 100644 20201/Nal/Pre/libraryjs/leaflet-awesomemarkers-2.0.3/images/markers-soft@2x.png[0K
 create mode 100644 20201/Nal/Pre/libraryjs/leaflet-awesomemarkers-2.0.3/ionicons.min.css[0K
 create mode 100644 20201/Nal/Pre/libraryjs/leaflet-awesomemarkers-2.0.3/leaflet.awesome-markers.css[0K
 create mode 100644 20201/Nal/Pre/libraryjs/leaflet-awesomemarkers-2.0.3/leaflet.awesome-markers.js[0K
 create mode 100644 20201/Nal/Pre/libraryjs/leaflet-awesomemarkers-2.0.3/leaflet.awesome-markers.min.js[0K
 create mode 100644 20201/Nal/Pre/libraryjs/leaflet-binding-1.1.0/leaflet.js[0K
 create mode 100644 20201/Nal/Pre/libraryjs/leaflet-binding-1.1.0/leaflet.yaml[0K
 create mode 100644 20201/Nal/Pre/libraryjs/leaflet-binding-1.1.0/lib/Leaflet.label/images/death.png[0K
 create mode 100644 20201/Nal/Pre/libraryjs/leaflet-binding-1.1.0/lib/Leaflet.label/leaflet.label-src.js[0K
 create mode 100644 20201/Nal/Pre/libraryjs/leaflet-binding-1.1.0/lib/Leaflet.label/leaflet.label.css[0K
 create mode 100644 20201/Nal/Pre/libraryjs/leaflet-binding-1.1.0/lib/Leaflet.label/leaflet.label.js[0K
 create mode 100644 20201/Nal/Pre/libraryjs/leaflet-binding-1.1.0/lib/jquery/jquery.js[0K
 create mode 100644 20201/Nal/Pre/libraryjs/leaflet-binding-1.1.0/lib/jquery/jquery.min.js[0K
 create mode 100644 20201/Nal/Pre/libraryjs/leaflet-binding-1.1.0/lib/leaflet-measure/images/cancel.png[0K
 create mode 100644 20201/Nal/Pre/libraryjs/leaflet-binding-1.1.0/lib/leaflet-measure/images/cancel_@2X.[0Kp
ng[0K
 create mode 100644 20201/Nal/Pre/libraryjs/leaflet-binding-1.1.0/lib/leaflet-measure/images/check.png[0K
 create mode 100644 20201/Nal/Pre/libraryjs/leaflet-binding-1.1.0/lib/leaflet-measure/images/check_@2X.p[0Kn
g[0K
 create mode 100644 20201/Nal/Pre/libraryjs/leaflet-binding-1.1.0/lib/leaflet-measure/images/focus.png[0K
 create mode 100644 20201/Nal/Pre/libraryjs/leaflet-binding-1.1.0/lib/leaflet-measure/images/focus_@2X.p[0Kn
g[0K
 create mode 100644 20201/Nal/Pre/libraryjs/leaflet-binding-1.1.0/lib/leaflet-measure/images/rulers.png[0K
 create mode 100644 20201/Nal/Pre/libraryjs/leaflet-binding-1.1.0/lib/leaflet-measure/images/rulers_@2X.[0Kp
ng[0K
 create mode 100644 20201/Nal/Pre/libraryjs/leaflet-binding-1.1.0/lib/leaflet-measure/images/start.png[0K
 create mode 100644 20201/Nal/Pre/libraryjs/leaflet-binding-1.1.0/lib/leaflet-measure/images/start_@2X.p[0Kn
g[0K
 create mode 100644 20201/Nal/Pre/libraryjs/leaflet-binding-1.1.0/lib/leaflet-measure/images/trash.png[0K
 create mode 100644 20201/Nal/Pre/libraryjs/leaflet-binding-1.1.0/lib/leaflet-measure/images/trash_@2X.p[0Kn
g[0K
 create mode 100644 20201/Nal/Pre/libraryjs/leaflet-binding-1.1.0/lib/leaflet-measure/leaflet-measure.cs[0Ks
[0K
 create mode 100644 20201/Nal/Pre/libraryjs/leaflet-binding-1.1.0/lib/leaflet-measure/leaflet-measure.js[0K
 create mode 100644 20201/Nal/Pre/libraryjs/leaflet-binding-1.1.0/lib/leaflet-measure/leaflet-measure.mi[0Kn
.js[0K
 create mode 100644 20201/Nal/Pre/libraryjs/leaflet-binding-1.1.0/lib/leaflet-omnivore/index.js[0K
 create mode 100644 20201/Nal/Pre/libraryjs/leaflet-binding-1.1.0/lib/leaflet-omnivore/leaflet-omnivore.[0Kj
s[0K
 create mode 100644 20201/Nal/Pre/libraryjs/leaflet-binding-1.1.0/lib/leaflet-omnivore/leaflet-omnivore.[0Km
in.js[0K
 create mode 100644 20201/Nal/Pre/libraryjs/leaflet-binding-1.1.0/lib/leaflet-omnivore/package.json[0K
 create mode 100644 20201/Nal/Pre/libraryjs/leaflet-binding-1.1.0/lib/leaflet-providers/CONTRIBUTING.md[0K
 create mode 100644 20201/Nal/Pre/libraryjs/leaflet-binding-1.1.0/lib/leaflet-providers/README.md[0K
 create mode 100644 20201/Nal/Pre/libraryjs/leaflet-binding-1.1.0/lib/leaflet-providers/bower.json[0K
 create mode 100644 20201/Nal/Pre/libraryjs/leaflet-binding-1.1.0/lib/leaflet-providers/css/gh-fork-ribb[0Ko
n.css[0K
 create mode 100644 20201/Nal/Pre/libraryjs/leaflet-binding-1.1.0/lib/leaflet-providers/css/gh-fork-ribb[0Ko
n.ie.css[0K
 create mode 100644 20201/Nal/Pre/libraryjs/leaflet-binding-1.1.0/lib/leaflet-providers/leaflet-provider[0Ks
.js[0K
 create mode 100644 20201/Nal/Pre/libraryjs/leaflet-binding-1.1.0/lib/leaflet-providers/license.md[0K
 create mode 100644 20201/Nal/Pre/libraryjs/leaflet-binding-1.1.0/lib/leaflet-providers/package.json[0K
 create mode 100644 20201/Nal/Pre/libraryjs/leaflet-binding-1.1.0/lib/leaflet-providers/providers.json[0K
 create mode 100644 20201/Nal/Pre/libraryjs/leaflet-binding-1.1.0/lib/leaflet/images/1px.png[0K
 create mode 100644 20201/Nal/Pre/libraryjs/leaflet-binding-1.1.0/lib/leaflet/images/layers-2x.png[0K
 create mode 100644 20201/Nal/Pre/libraryjs/leaflet-binding-1.1.0/lib/leaflet/images/layers.png[0K
 create mode 100644 20201/Nal/Pre/libraryjs/leaflet-binding-1.1.0/lib/leaflet/images/marker-icon-2x.png[0K
 create mode 100644 20201/Nal/Pre/libraryjs/leaflet-binding-1.1.0/lib/leaflet/images/marker-icon.png[0K
 create mode 100644 20201/Nal/Pre/libraryjs/leaflet-binding-1.1.0/lib/leaflet/images/marker-shadow.png[0K
 create mode 100644 20201/Nal/Pre/libraryjs/leaflet-binding-1.1.0/lib/leaflet/leaflet-src.js[0K
 create mode 100644 20201/Nal/Pre/libraryjs/leaflet-binding-1.1.0/lib/leaflet/leaflet.css[0K
 create mode 100644 20201/Nal/Pre/libraryjs/leaflet-binding-1.1.0/lib/leaflet/leaflet.js[0K
 create mode 100644 20201/Nal/Pre/libraryjs/leaflet-binding-1.1.0/lib/leafletfix/leafletfix.css[0K
 create mode 100644 20201/Nal/Pre/libraryjs/leaflet-binding-1.1.0/plugins/Leaflet-MiniMap/Control.MiniMa[0Kp
.css[0K
 create mode 100644 20201/Nal/Pre/libraryjs/leaflet-binding-1.1.0/plugins/Leaflet-MiniMap/Control.MiniMa[0Kp
.js[0K
 create mode 100644 20201/Nal/Pre/libraryjs/leaflet-binding-1.1.0/plugins/Leaflet-MiniMap/Control.MiniMa[0Kp
.min.css[0K
 create mode 100644 20201/Nal/Pre/libraryjs/leaflet-binding-1.1.0/plugins/Leaflet-MiniMap/Control.MiniMa[0Kp
.min.js[0K
 create mode 100644 20201/Nal/Pre/libraryjs/leaflet-binding-1.1.0/plugins/Leaflet-MiniMap/Minimap-bindin[0Kg
.js[0K
 create mode 100644 20201/Nal/Pre/libraryjs/leaflet-binding-1.1.0/plugins/Leaflet-MiniMap/images/toggle.[0Kp
ng[0K
 create mode 100644 20201/Nal/Pre/libraryjs/leaflet-binding-1.1.0/plugins/Leaflet-MiniMap/images/toggle.[0Ks
vg[0K
 create mode 100644 20201/Nal/Pre/libraryjs/leaflet-binding-1.1.0/plugins/Leaflet.EasyButton/EasyButton-[0Kb
inding.js[0K
 create mode 100644 20201/Nal/Pre/libraryjs/leaflet-binding-1.1.0/plugins/Leaflet.EasyButton/LICENSE[0K
 create mode 100644 20201/Nal/Pre/libraryjs/leaflet-binding-1.1.0/plugins/Leaflet.EasyButton/easy-button[0K.
css[0K
 create mode 100644 20201/Nal/Pre/libraryjs/leaflet-binding-1.1.0/plugins/Leaflet.EasyButton/easy-button[0K.
js[0K
 create mode 100644 20201/Nal/Pre/libraryjs/leaflet-binding-1.1.0/plugins/Leaflet.Graticule/Graticule-bi[0Kn
ding.js[0K
 create mode 100644 20201/Nal/Pre/libraryjs/leaflet-binding-1.1.0/plugins/Leaflet.Graticule/L.Graticule.[0Kj
s[0K
 create mode 100644 20201/Nal/Pre/libraryjs/leaflet-binding-1.1.0/plugins/Leaflet.SimpleGraticule/L.Simp[0Kl
eGraticule.css[0K
 create mode 100644 20201/Nal/Pre/libraryjs/leaflet-binding-1.1.0/plugins/Leaflet.SimpleGraticule/L.Simp[0Kl
eGraticule.js[0K
 create mode 100644 20201/Nal/Pre/libraryjs/leaflet-binding-1.1.0/plugins/Leaflet.SimpleGraticule/Simple[0KG
raticule-binding.js[0K
 create mode 100644 20201/Nal/Pre/libraryjs/leaflet-binding-1.1.0/plugins/Leaflet.Terminator/L.Terminato[0Kr
.js[0K
 create mode 100644 20201/Nal/Pre/libraryjs/leaflet-binding-1.1.0/plugins/Leaflet.Terminator/Terminator-[0Kb
inding.js[0K
 create mode 100644 20201/Nal/Pre/libraryjs/leaflet-binding-1.1.0/plugins/Leaflet.awesome-markers/bootst[0Kr
ap-theme.min.css[0K
 create mode 100644 20201/Nal/Pre/libraryjs/leaflet-binding-1.1.0/plugins/Leaflet.awesome-markers/bootst[0Kr
ap.min.css[0K
 create mode 100644 20201/Nal/Pre/libraryjs/leaflet-binding-1.1.0/plugins/Leaflet.awesome-markers/bootst[0Kr
ap.min.js[0K
 create mode 100644 20201/Nal/Pre/libraryjs/leaflet-binding-1.1.0/plugins/Leaflet.awesome-markers/font-a[0Kw
esome.min.css[0K
 create mode 100644 20201/Nal/Pre/libraryjs/leaflet-binding-1.1.0/plugins/Leaflet.awesome-markers/fonts/[0KF
ontAwesome.otf[0K
 create mode 100644 20201/Nal/Pre/libraryjs/leaflet-binding-1.1.0/plugins/Leaflet.awesome-markers/fonts/[0Kf
ontawesome-webfont.eot[0K
 create mode 100644 20201/Nal/Pre/libraryjs/leaflet-binding-1.1.0/plugins/Leaflet.awesome-markers/fonts/[0Kf
ontawesome-webfont.svg[0K
 create mode 100644 20201/Nal/Pre/libraryjs/leaflet-binding-1.1.0/plugins/Leaflet.awesome-markers/fonts/[0Kf
ontawesome-webfont.ttf[0K
 create mode 100644 20201/Nal/Pre/libraryjs/leaflet-binding-1.1.0/plugins/Leaflet.awesome-markers/fonts/[0Kf
ontawesome-webfont.woff[0K
 create mode 100644 20201/Nal/Pre/libraryjs/leaflet-binding-1.1.0/plugins/Leaflet.awesome-markers/fonts/[0Kg
lyphicons-halflings-regular.eot[0K
 create mode 100644 20201/Nal/Pre/libraryjs/leaflet-binding-1.1.0/plugins/Leaflet.awesome-markers/fonts/[0Kg
lyphicons-halflings-regular.svg[0K
 create mode 100644 20201/Nal/Pre/libraryjs/leaflet-binding-1.1.0/plugins/Leaflet.awesome-markers/fonts/[0Kg
lyphicons-halflings-regular.ttf[0K
 create mode 100644 20201/Nal/Pre/libraryjs/leaflet-binding-1.1.0/plugins/Leaflet.awesome-markers/fonts/[0Kg
lyphicons-halflings-regular.woff[0K
 create mode 100644 20201/Nal/Pre/libraryjs/leaflet-binding-1.1.0/plugins/Leaflet.awesome-markers/fonts/[0Ki
onicons.eot[0K
 create mode 100644 20201/Nal/Pre/libraryjs/leaflet-binding-1.1.0/plugins/Leaflet.awesome-markers/fonts/[0Ki
onicons.svg[0K
 create mode 100644 20201/Nal/Pre/libraryjs/leaflet-binding-1.1.0/plugins/Leaflet.awesome-markers/fonts/[0Ki
onicons.ttf[0K
 create mode 100644 20201/Nal/Pre/libraryjs/leaflet-binding-1.1.0/plugins/Leaflet.awesome-markers/fonts/[0Ki
onicons.woff[0K
 create mode 100644 20201/Nal/Pre/libraryjs/leaflet-binding-1.1.0/plugins/Leaflet.awesome-markers/images[0K/
markers-matte.png[0K
 create mode 100644 20201/Nal/Pre/libraryjs/leaflet-binding-1.1.0/plugins/Leaflet.awesome-markers/images[0K/
markers-matte@2x.png[0K
 create mode 100644 20201/Nal/Pre/libraryjs/leaflet-binding-1.1.0/plugins/Leaflet.awesome-markers/images[0K/
markers-plain.png[0K
 create mode 100644 20201/Nal/Pre/libraryjs/leaflet-binding-1.1.0/plugins/Leaflet.awesome-markers/images[0K/
markers-shadow.png[0K
 create mode 100644 20201/Nal/Pre/libraryjs/leaflet-binding-1.1.0/plugins/Leaflet.awesome-markers/images[0K/
markers-shadow@2x.png[0K
 create mode 100644 20201/Nal/Pre/libraryjs/leaflet-binding-1.1.0/plugins/Leaflet.awesome-markers/images[0K/
markers-soft.png[0K
 create mode 100644 20201/Nal/Pre/libraryjs/leaflet-binding-1.1.0/plugins/Leaflet.awesome-markers/images[0K/
markers-soft@2x.png[0K
 create mode 100644 20201/Nal/Pre/libraryjs/leaflet-binding-1.1.0/plugins/Leaflet.awesome-markers/ionico[0Kn
s.min.css[0K
 create mode 100644 20201/Nal/Pre/libraryjs/leaflet-binding-1.1.0/plugins/Leaflet.awesome-markers/leafle[0Kt
.awesome-markers.css[0K
 create mode 100644 20201/Nal/Pre/libraryjs/leaflet-binding-1.1.0/plugins/Leaflet.awesome-markers/leafle[0Kt
.awesome-markers.js[0K
 create mode 100644 20201/Nal/Pre/libraryjs/leaflet-binding-1.1.0/plugins/Leaflet.awesome-markers/leafle[0Kt
.awesome-markers.min.js[0K
 create mode 100644 20201/Nal/Pre/libraryjs/leaflet-binding-1.1.0/plugins/Leaflet.markercluster/MIT-LICE[0KN
CE.txt[0K
 create mode 100644 20201/Nal/Pre/libraryjs/leaflet-binding-1.1.0/plugins/Leaflet.markercluster/MarkerCl[0Ku
ster.Default.css[0K
 create mode 100644 20201/Nal/Pre/libraryjs/leaflet-binding-1.1.0/plugins/Leaflet.markercluster/MarkerCl[0Ku
ster.css[0K
 create mode 100644 20201/Nal/Pre/libraryjs/leaflet-binding-1.1.0/plugins/Leaflet.markercluster/leaflet.[0Km
arkercluster-src.js[0K
 create mode 100644 20201/Nal/Pre/libraryjs/leaflet-binding-1.1.0/plugins/Leaflet.markercluster/leaflet.[0Km
arkercluster.freezable-src.js[0K
 create mode 100644 20201/Nal/Pre/libraryjs/leaflet-binding-1.1.0/plugins/Leaflet.markercluster/leaflet.[0Km
arkercluster.js[0K
 create mode 100644 20201/Nal/Pre/libraryjs/leaflet-binding-1.1.0/plugins/Leaflet.markercluster/leaflet.[0Km
arkercluster.layersupport-src.js[0K
 create mode 100644 20201/Nal/Pre/libraryjs/leaflet-binding-1.1.0/plugins/Proj4Leaflet/proj4-compressed.[0Kj
s[0K
 create mode 100644 20201/Nal/Pre/libraryjs/leaflet-binding-1.1.0/plugins/Proj4Leaflet/proj4.js[0K
 create mode 100644 20201/Nal/Pre/libraryjs/leaflet-binding-1.1.0/plugins/Proj4Leaflet/proj4leaflet.js[0K
 create mode 100644 20201/Nal/Pre/libraryjs/leaflet-binding-1.1.0/plugins/leaflet-locationfilter/img/fil[0Kt
er-icon.png[0K
 create mode 100644 20201/Nal/Pre/libraryjs/leaflet-binding-1.1.0/plugins/leaflet-locationfilter/img/mov[0Ke
-handle.png[0K
 create mode 100644 20201/Nal/Pre/libraryjs/leaflet-binding-1.1.0/plugins/leaflet-locationfilter/img/res[0Ki
ze-handle.png[0K
 create mode 100644 20201/Nal/Pre/libraryjs/leaflet-binding-1.1.0/plugins/leaflet-locationfilter/locatio[0Kn
filter-bindings.js[0K
 create mode 100644 20201/Nal/Pre/libraryjs/leaflet-binding-1.1.0/plugins/leaflet-locationfilter/locatio[0Kn
filter.css[0K
 create mode 100644 20201/Nal/Pre/libraryjs/leaflet-binding-1.1.0/plugins/leaflet-locationfilter/locatio[0Kn
filter.js[0K
 create mode 100644 20201/Nal/Pre/libraryjs/leaflet-binding-1.1.0/plugins/leaflet-providers-plugin/leafl[0Ke
t-providers-plugin.js[0K
 create mode 100644 20201/Nal/Pre/libraryjs/leaflet-easybutton-1.3.1/EasyButton-binding.js[0K
 create mode 100644 20201/Nal/Pre/libraryjs/leaflet-easybutton-1.3.1/LICENSE[0K
 create mode 100644 20201/Nal/Pre/libraryjs/leaflet-easybutton-1.3.1/easy-button.css[0K
 create mode 100644 20201/Nal/Pre/libraryjs/leaflet-easybutton-1.3.1/easy-button.js[0K
 create mode 100644 20201/Nal/Pre/libraryjs/leaflet-label-0.2.2/images/death.png[0K
 create mode 100644 20201/Nal/Pre/libraryjs/leaflet-label-0.2.2/leaflet.label-src.js[0K
 create mode 100644 20201/Nal/Pre/libraryjs/leaflet-label-0.2.2/leaflet.label.css[0K
 create mode 100644 20201/Nal/Pre/libraryjs/leaflet-label-0.2.2/leaflet.label.js[0K
 create mode 100644 20201/Nal/Pre/libraryjs/leaflet-minimap-3.3.1/Control.MiniMap.css[0K
 create mode 100644 20201/Nal/Pre/libraryjs/leaflet-minimap-3.3.1/Control.MiniMap.js[0K
 create mode 100644 20201/Nal/Pre/libraryjs/leaflet-minimap-3.3.1/Control.MiniMap.min.css[0K
 create mode 100644 20201/Nal/Pre/libraryjs/leaflet-minimap-3.3.1/Control.MiniMap.min.js[0K
 create mode 100644 20201/Nal/Pre/libraryjs/leaflet-minimap-3.3.1/Minimap-binding.js[0K
 create mode 100644 20201/Nal/Pre/libraryjs/leaflet-minimap-3.3.1/images/toggle.png[0K
 create mode 100644 20201/Nal/Pre/libraryjs/leaflet-minimap-3.3.1/images/toggle.svg[0K
 create mode 100644 20201/Nal/Pre/libraryjs/leaflet-providers-1.0.27/CONTRIBUTING.md[0K
 create mode 100644 20201/Nal/Pre/libraryjs/leaflet-providers-1.0.27/README.md[0K
 create mode 100644 20201/Nal/Pre/libraryjs/leaflet-providers-1.0.27/bower.json[0K
 create mode 100644 20201/Nal/Pre/libraryjs/leaflet-providers-1.0.27/css/gh-fork-ribbon.css[0K
 create mode 100644 20201/Nal/Pre/libraryjs/leaflet-providers-1.0.27/css/gh-fork-ribbon.ie.css[0K
 create mode 100644 20201/Nal/Pre/libraryjs/leaflet-providers-1.0.27/leaflet-providers.js[0K
 create mode 100644 20201/Nal/Pre/libraryjs/leaflet-providers-1.0.27/license.md[0K
 create mode 100644 20201/Nal/Pre/libraryjs/leaflet-providers-1.0.27/package.json[0K
 create mode 100644 20201/Nal/Pre/libraryjs/leaflet-providers-1.0.27/providers.json[0K
 create mode 100644 20201/Nal/Pre/libraryjs/leaflet-providers-plugin-1.1.0/leaflet-providers-plugin.js[0K
 create mode 100644 20201/Nal/Pre/libraryjs/leafletfix-1.0.0/leafletfix.css[0K
 create mode 100644 20201/Nal/Pre/libraryjs/nouislider-7.0.10/jquery.nouislider.min.css[0K
 create mode 100644 20201/Nal/Pre/libraryjs/nouislider-7.0.10/jquery.nouislider.min.js[0K
 create mode 100644 20201/Nal/Pre/libraryjs/pdfmake-1.10.16/pdfmake.min.js[0K
 create mode 100644 20201/Nal/Pre/libraryjs/pdfmake-1.10.16/vfs_fonts.js[0K
 create mode 100644 20201/Nal/Pre/libraryjs/proj4js-2.3.15/proj4.js[0K
 create mode 100644 20201/Nal/Pre/libraryjs/selectize-0.12.0/selectize.bootstrap3.css[0K
 create mode 100644 20201/Nal/Pre/libraryjs/selectize-0.12.0/selectize.min.js[0K
[0K[?25h[?25l
[0;32mAlberto@Alberto-HP [0;35m [0;33m~/Documents/ONP/Oficina Nacional de Estadística/Página/Cifras/Aspirantes y Admitidos[0K/
G_Admitidos[0;36m (master)[0m[0K
$[0K[3G[?25h[?25l$ g[0K[?25hi[0Kt[0K[7G[?25l$ git p[0K[?25hu[0Ks[0Kh[0K[12G[?25l$ git push o[0K[?25hr[0Ki[0Kg[0Ki[0Kn[0K[19G[?25l$ git push origin m[0K[?25ha[0Ks[0Kt[0Ke[0Kr[0K[?25l
[0K[?25herror: cannot spawn sh: No such file or directory[0K[?25l
error: cannot spawn rpostback-askpass: No such file or directory[0K
[0K[?25hUsername for 'https://github.com':[0K[36G[?25lUsername for 'https://github.com': e[0K[?25hs[0Kt[0Ka[0Kd[0Ki[0Ks[0Kt[0Ki[0Kc[0Ka[0Ku[0Kn[0K[?25l
error: cannot spawn rpostback-askpass: No such file or directory[0K
Password for 'https://estadisticaun@github.com':[0K[50G[?25h[?25l
[0K[?25herror: cannot spawn sh: No such file or directory[0K[?25l
[0K[?25hCounting objects: 63, done.[0K[?25l
[0K[?25hDelta compression using up to 8 threads.[0K[?25l
Compressing objects:  47% (28/59)[0K[1G[?25h[?25lCompressing objects:  64% (38/59)[0K[1G[?25h[?25lCompressing objects:  77% (46/59)[0K[1G[?25h[?25lCompressing objects: 100% (59/59)[0K[1G[?25hCompressing objects: 100% (59/59), done.[0K[?25l
Writing objects:  50% (32/63)[0K[1G[?25h[?25lWriting objects:  50% (32/63), 984.00 KiB | 931.00 KiB/s[0K[1G[?25h[?25lWriting objects:  53% (34/63), 984.00 KiB | 931.00 KiB/s[0K[1G[?25h[?25lWriting objects:  57% (36/63), 1.82 MiB | 1.12 MiB/s   s[0K[1G[?25h[?25lWriting objects:  60% (38/63), 4.08 MiB | 1.91 MiB/s   s[0K[1G[?25hWriting objects: 100% (63/63), 6.37 MiB | 2.16 MiB/s, done.[0K[?25l
Total 63 (delta 42), reused 0 (delta 0)[0K
[0K[?25h[?25lremote: Resolving deltas:  57% (24/42)[0K[1G[?25h[?25lremote: Resolving deltas:  59% (25/42)[0K[1G[?25hremote: Resolving deltas:  80% (34/42)[0K[?25lremote: Resolving deltas: 100% (42/42), completed with 4 local objects.[0K
[0K[?25hremote:[0K[?25l
remote: GitHub found 2 vulnerabilities on estadisticaun/G_Admitidos's default branch (2 moderate). To fi[0Kn
d out more, visit:[0K
remote:      https://github.com/estadisticaun/G_Admitidos/network/alerts[0K
remote:[0K
To https://github.com/estadisticaun/G_Admitidos.git[0K
   71d6bdb..d96d59f  master -> master[0K
[0K[?25h[?25l
[0;32mAlberto@Alberto-HP [0;35m [0;33m~/Documents/ONP/Oficina Nacional de Estadística/Página/Cifras/Aspirantes y Admitidos[0K/
G_Admitidos[0;36m (master)[0m[0K
$[0K[3G[?25h[?25l$ g[0K[?25hi[0Kt[0K[7G[?25l$ git a[0K[?25hd[0Kd[0K[11G[?25l$ git add .[0K[?25h[?25l
[0;32mAlberto@Alberto-HP [0m[0K[?25h[0;35m [0;33m~/Documents/ONP/Oficina Nacional de Estadística/Página/Cifras/Aspirantes y Admitidos[0K/[?25l
G_Admitidos[0;36m (master)[0m[0K
$[0K[3G[?25h[?25l$ g[0K[?25hi[0Kt[0K[7G[?25l$ git s[0K[?25ht[0Ka[0Kt[0Ku[0Ks[0K[?25l
[0K[?25hOn branch master[0K[?25l
Your branch is up-to-date with 'origin/master'.[0K
[0K
Changes to be committed:[0K
  (use "git reset HEAD <file>..." to unstage)[0K
[0K
        [0;32mmodified:   .Rproj.user/B994EF53/console06/1F01BB54[0m[0K
        [0;32mdeleted:    20201/Nal/Pre/A_modalidad.html[0m[0K
[0K
Changes not staged for commit:[0K
  (use "git add <file>..." to update what will be committed)[0K
  (use "git checkout -- <file>..." to discard changes in working directory)[0K
[0K
        [0;31mmodified:   .Rproj.user/B994EF53/console06/1F01BB54[0m[0K
[0K
[0K[?25h[?25l
[0;32mAlberto@Alberto-HP [0;35m [0;33m~/Documents/ONP/Oficina Nacional de Estadística/Página/Cifras/Aspirantes y Admitidos[0K/
G_Admitidos[0;36m (master)[0m[0K
$[0K[3G[?25h[?25l$ g[0K[?25hi[0Kt[0K[7G[?25l$ git p[0K[?25hu[0Ks[0Kh[0K[12G[?25l$ git push -[0K[?25hm[0K[15G[?25l$ git push -m "[0K[?25hA[0Kj[0K[?25l$ git push -m "A[0K[?25h[?25l$ git push -m "[0K[?25h[?25l$ git push -m[0K[15G[?25h[?25l$ git push -m "[0K[?25hE[0Kl[0Ki[0Km[0Ki[0Kn[0Ka[0Kr[0K[25G[?25l$ git push -m "Eliminar o[0K[?25hb[0Kj[0Ke[0Kt[0Ko[0K[32G[?25l$ git push -m "Eliminar objeto A[0K[?25h_[0Km[0Ko[0Kd[0Ka[0Kl[0Ki[0Kd[0Ka[0Kd[0K"[0K[?25l
[0K[?25herror: unknown switch `m'[0K[?25l
usage: git push [<options>] [<repository> [<refspec>...]][0K
[0K
    -v, --verbose         be more verbose[0K
    -q, --quiet           be more quiet[0K
    --repo <repository>   repository[0K
    --all                 push all refs[0K
    --mirror              mirror all refs[0K
    -d, --delete          delete refs[0K
    --tags                push tags (can't be used with --all or --mirror)[0K
    -n, --dry-run         dry run[0K
    --porcelain           machine-readable output[0K
    -f, --force           force updates[0K
    --force-with-lease[=<refname>:<expect>][0K
                          require old value of ref to be at this value[0K
    --recurse-submodules[=<check|on-demand|no>][0K
                          control recursive pushing of submodules[0K
    --thin                use thin pack[0K
    --receive-pack <receive-pack>[0K
                          receive pack program[0K
    --exec <receive-pack>[0K
                          receive pack program[0K
    -u, --set-upstream    set upstream for git pull/status[0K
    --progress            force progress reporting[0K
    --prune               prune locally removed refs[0K
    --no-verify           bypass pre-push hook[0K
    --follow-tags         push missing but relevant tags[0K
    --signed[=<yes|no|if-asked>][0K
                          GPG sign the push[0K
    --atomic              request atomic transaction on remote side[0K
    -o, --push-option <server-specific>[0K
                          option to transmit[0K
    -4, --ipv4            use IPv4 addresses only[0K
    -6, --ipv6            use IPv6 addresses only[0K
[0K
[0K[?25h[?25l
[0;32mAlberto@Alberto-HP [0;35m [0;33m~/Documents/ONP/Oficina Nacional de Estadística/Página/Cifras/Aspirantes y Admitidos[0K/
G_Admitidos[0;36m (master)[0m[0K
$[0K[3G[?25h[?25l$ git push -m "Eliminar objeto A_modalidad"[0K[?25h[?25l$ git push -m "Eliminar objeto A_modalidad[0K[?25h[?25l$ git push -m "Eliminar objeto A_modalida[0K[?25h[?25l$ git push -m "Eliminar objeto A_modalid[0K[?25h[?25l$ git push -m "Eliminar objeto A_modali[0K[?25h[?25l$ git push -m "Eliminar objeto A_modal[0K[?25h[?25l$ git push -m "Eliminar objeto A_moda[0K[?25h[?25l$ git push -m "Eliminar objeto A_mod[0K[?25h[?25l$ git push -m "Eliminar objeto A_mo[0K[?25h[?25l$ git push -m "Eliminar objeto A_m[0K[?25h[?25l$ git push -m "Eliminar objeto A_[0K[?25h[33G[?25l$ git push -m "Eliminar objeto A[0K[?25h[?25l$ git push -m "Eliminar objeto[0K[32G[?25h[31G[?25l$ git push -m "Eliminar objet[0K[?25h[?25l$ git push -m "Eliminar obje[0K[?25h[?25l$ git push -m "Eliminar obj[0K[?25h[?25l$ git push -m "Eliminar ob[0K[?25h[?25l$ git push -m "Eliminar o[0K[?25h[?25l$ git push -m "Eliminar[0K[25G[?25h[24G[?25l$ git push -m "Elimina[0K[?25h[?25l$ git push -m "Elimin[0K[?25h[?25l$ git push -m "Elimi[0K[?25h[?25l$ git push -m "Elim[0K[?25h[?25l$ git push -m "Eli[0K[?25h[?25l$ git push -m "El[0K[?25h[?25l$ git push -m "E[0K[?25h[?25l$ git push -m "[0K[?25h[?25l$ git push -m[0K[15G[?25h[14G[?25l$ git push -[0K[?25h[?25l$ git push[0K[12G[?25h[11G[?25l$ git pus[0K[?25h[?25l$ git pu[0K[?25h[?25l$ git p[0K[?25h[?25l$ git[0K[7G[?25h[?25l$ git c[0K[?25ho[0Km[0Km[0Ki[0Kt[0K[14G[?25l$ git commit -[0K[?25hm[0K[17G[?25l$ git commit -m "[0K[?25hE[0Kl[0Ki[0Km[0Ki[0Kn[0Ka[0Kr[0K[27G[?25l$ git commit -m "Eliminar A[0K[?25h_[0Km[0Ko[0Kd[0Ka[0Kl[0Ki[0Kd[0Ka[0Kd[0K"[0K[?25l
[0K[?25h[master f29c8d3] Eliminar A_modalidad[0K[?25l
 2 files changed, 1864 insertions(+), 52 deletions(-)[0K
 delete mode 100644 20201/Nal/Pre/A_modalidad.html[0K
[0K[?25h[?25l
[0;32mAlberto@Alberto-HP [0;35m [0;33m~/Documents/ONP/Oficina Nacional de Estadística/Página/Cifras/Aspirantes y Admitidos[0K/
G_Admitidos[0;36m (master)[0m[0K
$[0K[3G[?25h[?25l$ g[0K[?25hi[0Kt[0K[7G[?25l$ git p[0K[?25hu[0Ks[0Kh[0K[12G[?25l$ git push o[0K[?25hr[0Ki[0Kg[0Ki[0Kn[0K[19G[?25l$ git push origin m[0K[?25ha[0Ks[0Kt[0Ke[0Kr[0K[?25l
[0K[?25herror: cannot spawn sh: No such file or directory[0K[?25l
error: cannot spawn rpostback-askpass: No such file or directory[0K
Username for 'https://github.com':[0K[36G[?25h[?25lUsername for 'https://github.com': e[0K[?25hs[0Kt[0Ka[0Kd[0Ki[0Ks[0Kt[0Ki[0Kc[0Ka[0Ku[0Kn[0K[?25l
[0K[?25herror: cannot spawn rpostback-askpass: No such file or directory[0K[?25l
Password for 'https://estadisticaun@github.com':[0K[50G[?25h[?25l
[0K[?25herror: cannot spawn sh: No such file or directory[0K[?25l
[0K[?25hCounting objects: 9, done.[0K[?25l
Delta compression using up to 8 threads.[0K
Compressing objects: 100% (7/7), done.[0K
Writing objects: 100% (9/9), 15.48 KiB | 3.87 MiB/s, done.[0K
Total 9 (delta 3), reused 0 (delta 0)[0K
[0K[?25hremote: Resolving deltas: 100% (3/3), completed with 3 local objects.[0K[?25l
[0K[?25hremote:[0K[?25l
remote: GitHub found 2 vulnerabilities on estadisticaun/G_Admitidos's default branch (2 moderate). To fi[0Kn
d out more, visit:[0K
remote:      https://github.com/estadisticaun/G_Admitidos/network/alerts[0K
remote:[0K
To https://github.com/estadisticaun/G_Admitidos.git[0K
   d96d59f..f29c8d3  master -> master[0K
[0K[?25h[?25l
[0;32mAlberto@Alberto-HP [0;35m [0;33m~/Documents/ONP/Oficina Nacional de Estadística/Página/Cifras/Aspirantes y Admitidos[0K/
G_Admitidos[0;36m (master)[0m[0K
$[0K[3G[?25h[0m[0Kbash: cut: command not found[0K[?25l
[0K[?25h]0;:/c/Users/Alberto/Documents/ONP/Oficina Nacional de Estadística/Página/Cifras/Aspirantes y Admitidos/G_Admitidos[?25l
[0;32mAlberto@Alberto-HP [0;35m [0;33m~/Documents/ONP/Oficina Nacional de Estadística/Página/Cifras/Aspirantes y Admitidos[0K/
G_Admitidos[0;36m (master)[0m[0K
[?25l$ g[0K[?25hi[0Kt[0K[7G[?25l$ git a[0K[?25hd[0Kd[0K[11G[?25l$ git add .[0K[?25h